
> frontend@0.1.0 build
> prisma generate && next build

node.exe : Loaded Prisma config from prisma.config.ts.
No linha:1 caractere:1
+ & "C:\Program Files\nodejs/node.exe" "C:\Program 
Files\nodejs/node_mo ...
+ ~~~~~~~~~~~~~~~~~~~~~~~~~~~~~~~~~~~~~~~~~~~~~~~~~~~~
~~~~~~~~~~~~~~~~~
    + CategoryInfo          : NotSpecified: (Loaded P 
   risma c...isma.config.ts.:String) [], RemoteExcep  
  tion
    + FullyQualifiedErrorId : NativeCommandError
 

Prisma schema loaded from prisma\schema.prisma.

Ô£ö Generated Prisma Client (v7.5.0) to .\node_modules\@prisma\client in 650ms

Start by importing your Prisma Client (See: https://pris.ly/d/importing-client)


ÔÜá `eslint` configuration in next.config.ts is no 
longer supported. See more info here: https://nextjs.o
rg/docs/app/api-reference/cli/next#next-lint-options
ÔÜá Invalid next.config.ts options detected: 
ÔÜá     Unrecognized key(s) in object: 'eslint'
ÔÜá See more info here: 
https://nextjs.org/docs/messages/invalid-next-config
Ôû▓ Next.js 16.1.6 (Turbopack)
- Environments: .env

  Creating an optimized production build ...

> Build error occurred
Error: Turbopack build failed with 1 errors:
./app/(dashboard)/assets/[id]/destino/page.tsx:16:1
Module not found: Can't resolve 
'@/components/destino-selector'
[0m [90m 14 |[39m } [36mfrom[39m 
[32m"lucide-react"[39m[33m;[39m
 [90m 15 |[39m [36mimport[39m [33mLink[39m 
[36mfrom[39m [32m"next/link"[39m[33m;[39m
[31m[1m>[22m[39m[90m 16 |[39m [36mimport[39m 
{ [33mDestinoSelector[39m } [36mfrom[39m 
[32m"@/components/destino-selector"[39m[33m;[39m
 [90m    |[39m [31m[1m^[22m[39m[31m[1m^[22m[
39m[31m[1m^[22m[39m[31m[1m^[22m[39m[31m[1m^
[22m[39m[31m[1m^[22m[39m[31m[1m^[22m[39m[31m
[1m^[22m[39m[31m[1m^[22m[39m[31m[1m^[22m[39
m[31m[1m^[22m[39m[31m[1m^[22m[39m[31m[1m^[2
2m[39m[31m[1m^[22m[39m[31m[1m^[22m[39m[31m[
1m^[22m[39m[31m[1m^[22m[39m[31m[1m^[22m[39m
[31m[1m^[22m[39m[31m[1m^[22m[39m[31m[1m^[22m
[39m[31m[1m^[22m[39m[31m[1m^[22m[39m[31m[1m
^[22m[39m[31m[1m^[22m[39m[31m[1m^[22m[39m[3
1m[1m^[22m[39m[31m[1m^[22m[39m[31m[1m^[22m[
39m[31m[1m^[22m[39m[31m[1m^[22m[39m[31m[1m^
[22m[39m[31m[1m^[22m[39m[31m[1m^[22m[39m[31m
[1m^[22m[39m[31m[1m^[22m[39m[31m[1m^[22m[39
m[31m[1m^[22m[39m[31m[1m^[22m[39m[31m[1m^[2
2m[39m[31m[1m^[22m[39m[31m[1m^[22m[39m[31m[
1m^[22m[39m[31m[1m^[22m[39m[31m[1m^[22m[39m
[31m[1m^[22m[39m[31m[1m^[22m[39m[31m[1m^[22m
[39m[31m[1m^[22m[39m[31m[1m^[22m[39m[31m[1m
^[22m[39m[31m[1m^[22m[39m[31m[1m^[22m[39m[3
1m[1m^[22m[39m[31m[1m^[22m[39m[31m[1m^[22m[
39m[31m[1m^[22m[39m[31m[1m^[22m[39m[31m[1m^
[22m[39m[31m[1m^[22m[39m[31m[1m^[22m[39m[31m
[1m^[22m[39m[31m[1m^[22m[39m[31m[1m^[22m[39
m
 [90m 17 |[39m
 [90m 18 |[39m [36mexport[39m [36mdefault[39m 
[36masync[39m [36mfunction[39m 
[33mDestinoPage[39m({ params }[33m:[39m { 
params[33m:[39m { id[33m:[39m string } }) {
 [90m 19 |[39m   [36mconst[39m asset [33m=[39m 
[36mawait[39m 
getAssetById(params[33m.[39mid)[33m;[39m[0m

Import map: aliased to relative 
'./components/destino-selector' inside of [project]/


https://nextjs.org/docs/messages/module-not-found


    at <unknown> 
(./app/(dashboard)/assets/[id]/destino/page.tsx:16:1)
    at <unknown> 
(https://nextjs.org/docs/messages/module-not-found)
