app/(dashboard)/assets/[id]/page.tsx(242,18): error TS2339: Property 'received_at' does not exist on type '{ lead: { name: string; id: string; phone: string | null; city: string | null; state: string | null; status: string; created_at: Date; updated_at: Date; account_id: string; profession: string | null; ... 18 more ...; urgency: string | null; } | null; ... 4 more ...; documents: { ...; }[]; } & { ...; }'.
app/(dashboard)/assets/[id]/page.tsx(254,83): error TS2339: Property 'received_at' does not exist on type '{ lead: { name: string; id: string; phone: string | null; city: string | null; state: string | null; status: string; created_at: Date; updated_at: Date; account_id: string; profession: string | null; ... 18 more ...; urgency: string | null; } | null; ... 4 more ...; documents: { ...; }[]; } & { ...; }'.
app/(dashboard)/assets/[id]/page.tsx(258,84): error TS2339: Property 'reception_km' does not exist on type '{ lead: { name: string; id: string; phone: string | null; city: string | null; state: string | null; status: string; created_at: Date; updated_at: Date; account_id: string; profession: string | null; ... 18 more ...; urgency: string | null; } | null; ... 4 more ...; documents: { ...; }[]; } & { ...; }'.
app/(dashboard)/assets/[id]/page.tsx(261,59): error TS2339: Property 'tracker_installed' does not exist on type '{ lead: { name: string; id: string; phone: string | null; city: string | null; state: string | null; status: string; created_at: Date; updated_at: Date; account_id: string; profession: string | null; ... 18 more ...; urgency: string | null; } | null; ... 4 more ...; documents: { ...; }[]; } & { ...; }'.
app/(dashboard)/assets/[id]/page.tsx(265,65): error TS2339: Property 'insurance_active' does not exist on type '{ lead: { name: string; id: string; phone: string | null; city: string | null; state: string | null; status: string; created_at: Date; updated_at: Date; account_id: string; profession: string | null; ... 18 more ...; urgency: string | null; } | null; ... 4 more ...; documents: { ...; }[]; } & { ...; }'.
app/(dashboard)/assets/[id]/page.tsx(269,62): error TS2339: Property 'hygiene_done' does not exist on type '{ lead: { name: string; id: string; phone: string | null; city: string | null; state: string | null; status: string; created_at: Date; updated_at: Date; account_id: string; profession: string | null; ... 18 more ...; urgency: string | null; } | null; ... 4 more ...; documents: { ...; }[]; } & { ...; }'.
app/(dashboard)/assets/[id]/page.tsx(278,27): error TS2322: Type '{ assetId: string; }' is not assignable to type 'IntrinsicAttributes & { lead: any; financialRecords: any[]; }'.
  Property 'assetId' does not exist on type 'IntrinsicAttributes & { lead: any; financialRecords: any[]; }'.
next.config.ts(4,3): error TS2353: Object literal may only specify known properties, and 'eslint' does not exist in type 'NextConfig'.
